  Determining projects to restore...
  All projects are up-to-date for restore.
  DataAccess -> C:\Users\zyadf\source\repos\Ecomorce App\DataAccess\bin\Debug\net10.0\DataAccess.dll
  Task -> C:\Users\zyadf\source\repos\Ecomorce App\Task\bin\Debug\net10.0\Task.dll

Build succeeded.
    0 Warning(s)
    0 Error(s)

Time Elapsed 00:00:04.07
